Traceback (most recent call last):
  File "/vast/home/j/jojolee/.conda/envs/finetuning/lib/python3.11/site-packages/trl/import_utils.py", line 156, in _get_module
    return importlib.import_module("." + module_name, self.__name__)
           ^^^^^^^^^^^^^^^^^^^^^^^^^^^^^^^^^^^^^^^^^^^^^^^^^^^^^^^^^
  File "/vast/home/j/jojolee/.conda/envs/finetuning/lib/python3.11/importlib/__init__.py", line 126, in import_module
    return _bootstrap._gcd_import(name[level:], package, level)
           ^^^^^^^^^^^^^^^^^^^^^^^^^^^^^^^^^^^^^^^^^^^^^^^^^^^^
  File "<frozen importlib._bootstrap>", line 1204, in _gcd_import
  File "<frozen importlib._bootstrap>", line 1176, in _find_and_load
  File "<frozen importlib._bootstrap>", line 1147, in _find_and_load_unlocked
  File "<frozen importlib._bootstrap>", line 690, in _load_unlocked
  File "<frozen importlib._bootstrap_external>", line 940, in exec_module
  File "<frozen importlib._bootstrap>", line 241, in _call_with_frames_removed
  File "/vast/home/j/jojolee/.conda/envs/finetuning/lib/python3.11/site-packages/trl/trainer/sft_trainer.py", line 26, in <module>
    from transformers import (
  File "/vast/home/j/jojolee/.conda/envs/finetuning/lib/python3.11/site-packages/transformers/utils/import_utils.py", line 2237, in __getattr__
    module = self._get_module(self._class_to_module[name])
             ^^^^^^^^^^^^^^^^^^^^^^^^^^^^^^^^^^^^^^^^^^^^^
  File "/vast/home/j/jojolee/.conda/envs/finetuning/lib/python3.11/site-packages/transformers/utils/import_utils.py", line 2267, in _get_module
    raise e
  File "/vast/home/j/jojolee/.conda/envs/finetuning/lib/python3.11/site-packages/transformers/utils/import_utils.py", line 2265, in _get_module
    return importlib.import_module("." + module_name, self.__name__)
           ^^^^^^^^^^^^^^^^^^^^^^^^^^^^^^^^^^^^^^^^^^^^^^^^^^^^^^^^^
  File "/vast/home/j/jojolee/.conda/envs/finetuning/lib/python3.11/importlib/__init__.py", line 126, in import_module
    return _bootstrap._gcd_import(name[level:], package, level)
           ^^^^^^^^^^^^^^^^^^^^^^^^^^^^^^^^^^^^^^^^^^^^^^^^^^^^
  File "/vast/home/j/jojolee/.conda/envs/finetuning/lib/python3.11/site-packages/transformers/models/auto/processing_auto.py", line 28, in <module>
    from ...processing_utils import ProcessorMixin
  File "/vast/home/j/jojolee/.conda/envs/finetuning/lib/python3.11/site-packages/transformers/processing_utils.py", line 73, in <module>
    from .modeling_utils import PreTrainedAudioTokenizerBase
  File "/vast/home/j/jojolee/.conda/envs/finetuning/lib/python3.11/site-packages/transformers/modeling_utils.py", line 59, in <module>
    from .integrations.flash_attention import flash_attention_forward
  File "/vast/home/j/jojolee/.conda/envs/finetuning/lib/python3.11/site-packages/transformers/integrations/flash_attention.py", line 5, in <module>
    from ..modeling_flash_attention_utils import _flash_attention_forward, flash_attn_supports_top_left_mask
  File "/vast/home/j/jojolee/.conda/envs/finetuning/lib/python3.11/site-packages/transformers/modeling_flash_attention_utils.py", line 100, in <module>
    from flash_attn import flash_attn_func as flash_attn_2_func
  File "/vast/home/j/jojolee/.conda/envs/finetuning/lib/python3.11/site-packages/flash_attn/__init__.py", line 3, in <module>
    from flash_attn.flash_attn_interface import (
  File "/vast/home/j/jojolee/.conda/envs/finetuning/lib/python3.11/site-packages/flash_attn/flash_attn_interface.py", line 15, in <module>
    import flash_attn_2_cuda as flash_attn_gpu
ImportError: /vast/home/j/jojolee/.conda/envs/finetuning/lib/python3.11/site-packages/flash_attn_2_cuda.cpython-311-x86_64-linux-gnu.so: undefined symbol: _ZNK3c106SymInt6sym_neERKS0_

The above exception was the direct cause of the following exception:

Traceback (most recent call last):
  File "/vast/home/j/jojolee/fine-tuning-or-retrieval/scripts/FT/finetuning_knowledge_v8.py", line 13, in <module>
    import utils.llm_training as llm_training
  File "/vast/home/j/jojolee/fine-tuning-or-retrieval/scripts/FT/../../utils/llm_training.py", line 10, in <module>
    from trl import SFTTrainer
  File "<frozen importlib._bootstrap>", line 1229, in _handle_fromlist
  File "/vast/home/j/jojolee/.conda/envs/finetuning/lib/python3.11/site-packages/trl/import_utils.py", line 147, in __getattr__
    value = getattr(module, name)
            ^^^^^^^^^^^^^^^^^^^^^
  File "/vast/home/j/jojolee/.conda/envs/finetuning/lib/python3.11/site-packages/trl/import_utils.py", line 146, in __getattr__
    module = self._get_module(self._class_to_module[name])
             ^^^^^^^^^^^^^^^^^^^^^^^^^^^^^^^^^^^^^^^^^^^^^
  File "/vast/home/j/jojolee/.conda/envs/finetuning/lib/python3.11/site-packages/trl/import_utils.py", line 158, in _get_module
    raise RuntimeError(
RuntimeError: Failed to import trl.trainer.sft_trainer because of the following error (look up to see its traceback):
/vast/home/j/jojolee/.conda/envs/finetuning/lib/python3.11/site-packages/flash_attn_2_cuda.cpython-311-x86_64-linux-gnu.so: undefined symbol: _ZNK3c106SymInt6sym_neERKS0_
